SQL> 
SQL> -- Execute the script file. --
SQL> start &&1
SQL> -- Create Tables --------------------------------------------------
SQL> 
SQL> create table EMPLOYEE (
  2  	    Fname varchar2(50),
  3  	    Minit char(1),
  4  	    Lname varchar2(50),
  5  	    Ssn char(9) primary key,
  6  	    Bdate date,
  7  	    Address varchar2(100),
  8  	    Sex char(1) check (Sex in ('M', 'F')),
  9  	    Salary decimal(10,2) check (Salary > 20000),
 10  	    Super_ssn char(9),
 11  	    Dno int,
 12  	    -- Name the FK so we can remove it later to insert tuples
 13  	    constraint EMP_FK1 foreign key (Super_ssn) references EMPLOYEE (Ssn)
 14  );
create table EMPLOYEE (
             *
ERROR at line 1:
ORA-00955: name is already used by an existing object 
Help: https://docs.oracle.com/error-help/db/ora-00955/ 


SQL> 
SQL> create table DEPENDENT (
  2  	    Essn char(9),
  3  	    Dependent_name varchar2(25),
  4  	    Sex char(1) check (Sex in ('M', 'F')),
  5  	    Bdate date,
  6  	    Relationship varchar2(8) check (Relationship in ('Spouse', 'Son', 'Daughter')),
  7  	    primary key (Essn, Dependent_name)
  8  );
create table DEPENDENT (
             *
ERROR at line 1:
ORA-00955: name is already used by an existing object 
Help: https://docs.oracle.com/error-help/db/ora-00955/ 


SQL> 
SQL> create table DEPARTMENT (
  2  	    Dname varchar2(25),
  3  	    Dnumber int primary key,
  4  	    Mgr_ssn char(9) references EMPLOYEE (Ssn),
  5  	    Mgr_start_date date
  6  );
create table DEPARTMENT (
             *
ERROR at line 1:
ORA-00955: name is already used by an existing object 
Help: https://docs.oracle.com/error-help/db/ora-00955/ 


SQL> 
SQL> -- Once DEPARTMENT is made, we can add FK to EMPLOYEE
SQL> alter table EMPLOYEE
  2  add constraint EMP_FK2
  3  foreign key (Dno)
  4  references DEPARTMENT (Dnumber);
foreign key (Dno)
*
ERROR at line 3:
ORA-02275: such a referential constraint already exists in the table 
Help: https://docs.oracle.com/error-help/db/ora-02275/ 


SQL> 
SQL> create table DEPT_LOCATIONS (
  2  	    Dnumber int references DEPARTMENT (Dnumber),
  3  	    Dlocation varchar2(10) check (Dlocation in ('Bellaire', 'Sugarland', 'Houston', 'Stafford')),
  4  	    primary key (Dnumber, Dlocation)
  5  );
create table DEPT_LOCATIONS (
             *
ERROR at line 1:
ORA-00955: name is already used by an existing object 
Help: https://docs.oracle.com/error-help/db/ora-00955/ 


SQL> 
SQL> create table PROJECT (
  2  	    Pname varchar2(25),
  3  	    Pnumber int primary key,
  4  	    Plocation varchar2(10) check (Plocation in ('Bellaire', 'Sugarland', 'Houston', 'Stafford')),
  5  	    Dnum int references DEPARTMENT (Dnumber)
  6  );
create table PROJECT (
             *
ERROR at line 1:
ORA-00955: name is already used by an existing object 
Help: https://docs.oracle.com/error-help/db/ora-00955/ 


SQL> 
SQL> create table WORKS_ON (
  2  	    Essn char(9) references EMPLOYEE (Ssn),
  3  	    Pno int references PROJECT (Pnumber),
  4  	    Hours decimal(3,1) check (Hours >= 5 and Hours <= 40),
  5  	    primary key (Essn, Pno)
  6  );
create table WORKS_ON (
             *
ERROR at line 1:
ORA-00955: name is already used by an existing object 
Help: https://docs.oracle.com/error-help/db/ora-00955/ 


SQL> 
SQL> SQL> 
SQL> -- Restore the options to their default values. --
SQL> spool off
