SQL> 
SQL> -- Execute the script file. --
SQL> start &&1
SQL> -- 3. Stored Procedures --------------------------------------------------
SQL> 
SQL> -- a
SQL> create or replace procedure ComplexProc as
  2  begin
  3  	 declare -- Declare cursor
  4  
  5  	     -- Cursor for Ssn if salary > average and has > 2 dependents
  6  	     cursor emp is
  7  		 select e.Ssn, e.Fname, e.Minit, e.Lname, e.Salary, e.Dno
  8  		 from EMPLOYEE e
  9  		 join (
 10  		      select Dno, avg(Salary) as avg_salary
 11  		      from EMPLOYEE
 12  		      group by Dno
 13  		      ) salaries on e.Dno = salaries.Dno
 14  		 where e.Salary > salaries.avg_salary
 15  		 and (select count(*) from DEPENDENT d where d.Essn = e.Ssn) >= 2;
 16  
 17  	     -- Define variables
 18  	     emp_rec emp%rowtype;
 19  	     home_dep_hours NUMBER;
 20  	     other_dep_hours NUMBER;
 21  	     num_dependents NUMBER;
 22  
 23  	 begin -- Begin operations with cursor
 24  	     open emp;
 25  	     fetch emp into emp_rec;
 26  	     while emp%found loop
 27  
 28  		 -- home_dep_hours
 29  		 select sum(w.Hours) into home_dep_hours
 30  		 from WORKS_ON w
 31  		 where w.Essn = emp_rec.Ssn
 32  		 and w.Pno in (
 33  		     select p.Pnumber
 34  		     from PROJECT p
 35  		     where p.Dnum = emp_rec.Dno
 36  		 );
 37  
 38  		 -- other_dep_hours
 39  		 select sum(w.Hours) into other_dep_hours
 40  		 from WORKS_ON w
 41  		 where w.Essn = emp_rec.Ssn
 42  		 and w.Pno in (
 43  		     select p.Pnumber
 44  		     from PROJECT p
 45  		     where p.Dnum != emp_rec.Dno
 46  		 );
 47  
 48  		 -- num_dependents
 49  		 select count(*) into num_dependents
 50  		 from DEPENDENT d
 51  		 where d.Essn = emp_rec.Ssn;
 52  
 53  		 -- Give results if other_dep_hours > 10
 54  		 if other_dep_hours > 10 then
 55  		    dbms_output.put_line(
 56  			'Name: '||emp_rec.Fname||' '||emp_rec.Minit||'. '||emp_rec.Lname||
 57  			'. Salary: $'||emp_rec.Salary||
 58  			'. Dependents: '||num_dependents||
 59  			'. Home hours: '||home_dep_hours||
 60  			'. Other hours: '||other_dep_hours||'.'
 61  		    );
 62  
 63  		 end if;
 64  
 65  		 fetch emp into emp_rec;
 66  
 67  	     end loop; -- End loop that prints outputs
 68  	     close emp; -- Closing connection to cursor
 69  	 end; -- Ending operations with cursor
 70  end; -- End whole procedure
 71  /

Procedure created.

SQL> 
SQL> show errors
No errors.
SQL> 
SQL> execute ComplexProc;
Name: Franklin T. Wong. Salary: $40000. Dependents: 3. Home hours: 20. Other    
hours: 20.                                                                      

PL/SQL procedure successfully completed.

SQL> drop procedure ComplexProc;

Procedure dropped.

SQL> SQL> 
SQL> -- Restore the options to their default values. --
SQL> spool off
