SQL> 
SQL> -- Execute the script file. --
SQL> start &&1
SQL> -- 4. Stored Function --------------------------------------------------
SQL> 
SQL> -- a
SQL> create or replace function deptavgsal(
  2    depnum in DEPARTMENT.dNumber%type default null
  3  ) return number
  4  as
  5    avgsal number;
  6    dep_match number;
  7  begin
  8    if depnum is null then
  9  	 return -1;
 10    else
 11  	 select count(*) into dep_match
 12  	 from DEPARTMENT
 13  	 where dNumber = depnum;
 14  
 15  	 if dep_match = 0 then
 16  	    return -2;
 17  
 18  	 else
 19  	   select avg(e.Salary) into avgsal
 20  	   from EMPLOYEE e, DEPARTMENT d
 21  	   where e.Dno = d.Dnumber
 22  	   and d.Dnumber = depnum;
 23  
 24  	   return avgsal;
 25  	 end if;
 26    end if;
 27  end;
 28  /

Function created.

SQL> 
SQL> show errors
No errors.
SQL> 
SQL> 
SQL> -- b
SQL> select deptavgsal() from dual;

DEPTAVGSAL()                                                                    
------------                                                                    
          -1                                                                    

SQL> select deptavgsal(2) from dual;

DEPTAVGSAL(2)                                                                   
-------------                                                                   
           -2                                                                   

SQL> select deptavgsal(3) from dual;

DEPTAVGSAL(3)                                                                   
-------------                                                                   
           -2                                                                   

SQL> select deptavgsal(6) from dual;

DEPTAVGSAL(6)                                                                   
-------------                                                                   
           -2                                                                   

SQL> select deptavgsal(1) from dual;

DEPTAVGSAL(1)                                                                   
-------------                                                                   
        55000                                                                   

SQL> select deptavgsal(4) from dual;

DEPTAVGSAL(4)                                                                   
-------------                                                                   
        31000                                                                   

SQL> select deptavgsal(5) from dual;

DEPTAVGSAL(5)                                                                   
-------------                                                                   
        33250                                                                   

SQL> 
SQL> 
SQL> -- c
SQL> select Dname, deptavgsal(Dnumber)
  2  from DEPARTMENT
  3  where deptavgsal(Dnumber) > 32000
  4  order by Dnumber asc;

DNAME                     DEPTAVGSAL(DNUMBER)                                   
------------------------- -------------------                                   
Headquarters                            55000                                   
Research                                33250                                   

SQL> 
SQL> 
SQL> -- d
SQL> drop function deptavgsal;

Function dropped.

SQL> 
SQL> SQL> 
SQL> -- Restore the options to their default values. --
SQL> spool off
