SQL> 
SQL> -- Execute the script file. --
SQL> start &&1
SQL> /* Textbook Company database (Figure 5.6)
SQL>  * Insert statements listed in the alphabetical order of table
SQL>  * names. Modify this order before inserting the tuples into the
SQL>  * tables. Make any additional necessary modifications.
SQL>  */
SQL> 
SQL> 
SQL> -- Remove FKs from EMPLOYEE so that we can insert tuples
SQL> alter table EMPLOYEE
  2  drop constraint EMP_FK1;

Table altered.

SQL> 
SQL> alter table EMPLOYEE
  2  drop constraint EMP_FK2;

Table altered.

SQL> 
SQL> 
SQL> -- Insert into EMPLOYEE
SQL> insert into Employee values ('John', 'B', 'Smith', 123456789,
  2  	'09-Jan-65', '731 Fondren, Houston, TX', 'M', 30000, 333445555, 5);
insert into Employee values ('John', 'B', 'Smith', 123456789,
*
ERROR at line 1:
ORA-00001: unique constraint (CDONOV12.SYS_C0091749) violated 
Help: https://docs.oracle.com/error-help/db/ora-00001/ 


SQL> insert into Employee values ('Franklin', 'T', 'Wong', 333445555,
  2  	'08-Dec-55', '638 Voss, Houston, TX', 'M', 40000, 888665555, 5);
insert into Employee values ('Franklin', 'T', 'Wong', 333445555,
*
ERROR at line 1:
ORA-00001: unique constraint (CDONOV12.SYS_C0091749) violated 
Help: https://docs.oracle.com/error-help/db/ora-00001/ 


SQL> insert into Employee values ('Alicia', 'J', 'Zelaya', 999887777,
  2  	'19-Jul-68', '3321 Castle, Spring, TX', 'F', 25000, 987654321, 4);
insert into Employee values ('Alicia', 'J', 'Zelaya', 999887777,
*
ERROR at line 1:
ORA-00001: unique constraint (CDONOV12.SYS_C0091749) violated 
Help: https://docs.oracle.com/error-help/db/ora-00001/ 


SQL> insert into Employee values ('Jennifer', 'S', 'Wallace', 987654321,
  2  	'20-Jun-41', '291 Berry, Bellaire, TX', 'F', 43000, 888665555, 4);
insert into Employee values ('Jennifer', 'S', 'Wallace', 987654321,
*
ERROR at line 1:
ORA-00001: unique constraint (CDONOV12.SYS_C0091749) violated 
Help: https://docs.oracle.com/error-help/db/ora-00001/ 


SQL> insert into Employee values ('Ramesh', 'K', 'Narayan', 666884444,
  2  	'15-Sep-62', '975 Fire Oak, Humble, TX', 'M', 38000, 333445555, 5);
insert into Employee values ('Ramesh', 'K', 'Narayan', 666884444,
*
ERROR at line 1:
ORA-00001: unique constraint (CDONOV12.SYS_C0091749) violated 
Help: https://docs.oracle.com/error-help/db/ora-00001/ 


SQL> insert into Employee values ('Joyce', 'A', 'English', 453453453,
  2  	'31-Jul-72', '5631 Rice, Houston, TX', 'F', 25000, 333445555, 5);
insert into Employee values ('Joyce', 'A', 'English', 453453453,
*
ERROR at line 1:
ORA-00001: unique constraint (CDONOV12.SYS_C0091749) violated 
Help: https://docs.oracle.com/error-help/db/ora-00001/ 


SQL> insert into Employee values ('Ahmad', 'V', 'Jabbar', 987987987,
  2  	'29-Mar-69', '980 Dallas, Houston, TX', 'M', 25000, 987654321, 4);
insert into Employee values ('Ahmad', 'V', 'Jabbar', 987987987,
*
ERROR at line 1:
ORA-00001: unique constraint (CDONOV12.SYS_C0091749) violated 
Help: https://docs.oracle.com/error-help/db/ora-00001/ 


SQL> insert into Employee values ('James', 'E', 'Borg', 888665555,
  2  	'10-Nov-37', '450 Stone, Houston, TX', 'M', 55000, null, 1);
insert into Employee values ('James', 'E', 'Borg', 888665555,
*
ERROR at line 1:
ORA-00001: unique constraint (CDONOV12.SYS_C0091749) violated 
Help: https://docs.oracle.com/error-help/db/ora-00001/ 


SQL> 
SQL> -- Add self-referential foreign key back on EMPLOYEE
SQL> alter table EMPLOYEE
  2  add constraint EMP_FK1
  3  foreign key (Super_ssn) references EMPLOYEE (Ssn);

Table altered.

SQL> 
SQL> -- Insert into DEPARTMENT
SQL> insert into Department values ('Research', 5, 333445555, '22-May-88');
insert into Department values ('Research', 5, 333445555, '22-May-88')
*
ERROR at line 1:
ORA-00001: unique constraint (CDONOV12.SYS_C0091754) violated 
Help: https://docs.oracle.com/error-help/db/ora-00001/ 


SQL> insert into Department values ('Administration', 4, 987654321, '01-Jan-95');
insert into Department values ('Administration', 4, 987654321, '01-Jan-95')
*
ERROR at line 1:
ORA-00001: unique constraint (CDONOV12.SYS_C0091754) violated 
Help: https://docs.oracle.com/error-help/db/ora-00001/ 


SQL> insert into Department values ('Headquarters', 1, 888665555, '19-Jun-81');
insert into Department values ('Headquarters', 1, 888665555, '19-Jun-81')
*
ERROR at line 1:
ORA-00001: unique constraint (CDONOV12.SYS_C0091754) violated 
Help: https://docs.oracle.com/error-help/db/ora-00001/ 


SQL> 
SQL> -- Now we can put FK2 back on EMPLOYEE
SQL> alter table EMPLOYEE
  2  add constraint EMP_FK2
  3  foreign key (Dno)
  4  references DEPARTMENT (Dnumber);

Table altered.

SQL> 
SQL> -- Now clear to insert into the rest of the tables
SQL> insert into Dependent values(333445555, 'Alice', 'F', '05-Apr-86', 'Daughter');
insert into Dependent values(333445555, 'Alice', 'F', '05-Apr-86', 'Daughter')
*
ERROR at line 1:
ORA-00001: unique constraint (CDONOV12.SYS_C0091753) violated 
Help: https://docs.oracle.com/error-help/db/ora-00001/ 


SQL> insert into Dependent values(333445555, 'Theodore', 'M', '25-Oct-83', 'Son');
insert into Dependent values(333445555, 'Theodore', 'M', '25-Oct-83', 'Son')
*
ERROR at line 1:
ORA-00001: unique constraint (CDONOV12.SYS_C0091753) violated 
Help: https://docs.oracle.com/error-help/db/ora-00001/ 


SQL> insert into Dependent values(333445555, 'Joy', 'F', '03-May-58', 'Spouse');
insert into Dependent values(333445555, 'Joy', 'F', '03-May-58', 'Spouse')
*
ERROR at line 1:
ORA-00001: unique constraint (CDONOV12.SYS_C0091753) violated 
Help: https://docs.oracle.com/error-help/db/ora-00001/ 


SQL> insert into Dependent values(987654321, 'Abner', 'M', '28-Feb-42', 'Spouse');
insert into Dependent values(987654321, 'Abner', 'M', '28-Feb-42', 'Spouse')
*
ERROR at line 1:
ORA-00001: unique constraint (CDONOV12.SYS_C0091753) violated 
Help: https://docs.oracle.com/error-help/db/ora-00001/ 


SQL> insert into Dependent values(123456789, 'Michael', 'M', '01-Jan-88', 'Son');
insert into Dependent values(123456789, 'Michael', 'M', '01-Jan-88', 'Son')
*
ERROR at line 1:
ORA-00001: unique constraint (CDONOV12.SYS_C0091753) violated 
Help: https://docs.oracle.com/error-help/db/ora-00001/ 


SQL> insert into Dependent values(123456789, 'Alice', 'F', '31-Dec-88', 'Daughter');
insert into Dependent values(123456789, 'Alice', 'F', '31-Dec-88', 'Daughter')
*
ERROR at line 1:
ORA-00001: unique constraint (CDONOV12.SYS_C0091753) violated 
Help: https://docs.oracle.com/error-help/db/ora-00001/ 


SQL> insert into Dependent values(123456789, 'Elizabeth', 'F', '05-May-67', 'Spouse');
insert into Dependent values(123456789, 'Elizabeth', 'F', '05-May-67', 'Spouse')
*
ERROR at line 1:
ORA-00001: unique constraint (CDONOV12.SYS_C0091753) violated 
Help: https://docs.oracle.com/error-help/db/ora-00001/ 


SQL> 
SQL> insert into Dept_locations values (1, 'Houston');
insert into Dept_locations values (1, 'Houston')
*
ERROR at line 1:
ORA-00001: unique constraint (CDONOV12.SYS_C0091758) violated 
Help: https://docs.oracle.com/error-help/db/ora-00001/ 


SQL> insert into Dept_locations values(4, 'Stafford');
insert into Dept_locations values(4, 'Stafford')
*
ERROR at line 1:
ORA-00001: unique constraint (CDONOV12.SYS_C0091758) violated 
Help: https://docs.oracle.com/error-help/db/ora-00001/ 


SQL> insert into Dept_locations values(5, 'Bellaire');
insert into Dept_locations values(5, 'Bellaire')
*
ERROR at line 1:
ORA-00001: unique constraint (CDONOV12.SYS_C0091758) violated 
Help: https://docs.oracle.com/error-help/db/ora-00001/ 


SQL> insert into Dept_locations values(5, 'Sugarland');
insert into Dept_locations values(5, 'Sugarland')
*
ERROR at line 1:
ORA-00001: unique constraint (CDONOV12.SYS_C0091758) violated 
Help: https://docs.oracle.com/error-help/db/ora-00001/ 


SQL> insert into Dept_locations values(5, 'Houston');
insert into Dept_locations values(5, 'Houston')
*
ERROR at line 1:
ORA-00001: unique constraint (CDONOV12.SYS_C0091758) violated 
Help: https://docs.oracle.com/error-help/db/ora-00001/ 


SQL> 
SQL> insert into Project values ('ProductX', 1, 'Bellaire', 5);
insert into Project values ('ProductX', 1, 'Bellaire', 5)
*
ERROR at line 1:
ORA-00001: unique constraint (CDONOV12.SYS_C0091761) violated 
Help: https://docs.oracle.com/error-help/db/ora-00001/ 


SQL> insert into Project values ('ProductY', 2, 'Sugarland', 5);
insert into Project values ('ProductY', 2, 'Sugarland', 5)
*
ERROR at line 1:
ORA-00001: unique constraint (CDONOV12.SYS_C0091761) violated 
Help: https://docs.oracle.com/error-help/db/ora-00001/ 


SQL> insert into Project values ('ProductZ', 3, 'Houston', 5);
insert into Project values ('ProductZ', 3, 'Houston', 5)
*
ERROR at line 1:
ORA-00001: unique constraint (CDONOV12.SYS_C0091761) violated 
Help: https://docs.oracle.com/error-help/db/ora-00001/ 


SQL> insert into Project values ('Computerization', 10, 'Stafford', 4);
insert into Project values ('Computerization', 10, 'Stafford', 4)
*
ERROR at line 1:
ORA-00001: unique constraint (CDONOV12.SYS_C0091761) violated 
Help: https://docs.oracle.com/error-help/db/ora-00001/ 


SQL> insert into Project values ('Reorganization', 20, 'Houston', 1);
insert into Project values ('Reorganization', 20, 'Houston', 1)
*
ERROR at line 1:
ORA-00001: unique constraint (CDONOV12.SYS_C0091761) violated 
Help: https://docs.oracle.com/error-help/db/ora-00001/ 


SQL> insert into Project values ('Newbenefits', 30, 'Stafford', 4);
insert into Project values ('Newbenefits', 30, 'Stafford', 4)
*
ERROR at line 1:
ORA-00001: unique constraint (CDONOV12.SYS_C0091761) violated 
Help: https://docs.oracle.com/error-help/db/ora-00001/ 


SQL> 
SQL> insert into Works_on values(123456789, 1, 32.5);
insert into Works_on values(123456789, 1, 32.5)
*
ERROR at line 1:
ORA-00001: unique constraint (CDONOV12.SYS_C0091764) violated 
Help: https://docs.oracle.com/error-help/db/ora-00001/ 


SQL> insert into Works_on values(123456789, 2, 7.5);
insert into Works_on values(123456789, 2, 7.5)
*
ERROR at line 1:
ORA-00001: unique constraint (CDONOV12.SYS_C0091764) violated 
Help: https://docs.oracle.com/error-help/db/ora-00001/ 


SQL> insert into Works_on values(666884444, 3, 40.0);
insert into Works_on values(666884444, 3, 40.0)
*
ERROR at line 1:
ORA-00001: unique constraint (CDONOV12.SYS_C0091764) violated 
Help: https://docs.oracle.com/error-help/db/ora-00001/ 


SQL> insert into Works_on values(453453453, 1, 20.0);
insert into Works_on values(453453453, 1, 20.0)
*
ERROR at line 1:
ORA-00001: unique constraint (CDONOV12.SYS_C0091764) violated 
Help: https://docs.oracle.com/error-help/db/ora-00001/ 


SQL> insert into Works_on values(453453453, 2, 20.0);
insert into Works_on values(453453453, 2, 20.0)
*
ERROR at line 1:
ORA-00001: unique constraint (CDONOV12.SYS_C0091764) violated 
Help: https://docs.oracle.com/error-help/db/ora-00001/ 


SQL> insert into Works_on values(333445555, 2, 10.0);
insert into Works_on values(333445555, 2, 10.0)
*
ERROR at line 1:
ORA-00001: unique constraint (CDONOV12.SYS_C0091764) violated 
Help: https://docs.oracle.com/error-help/db/ora-00001/ 


SQL> insert into Works_on values(333445555, 3, 10.0);
insert into Works_on values(333445555, 3, 10.0)
*
ERROR at line 1:
ORA-00001: unique constraint (CDONOV12.SYS_C0091764) violated 
Help: https://docs.oracle.com/error-help/db/ora-00001/ 


SQL> insert into Works_on values(333445555, 10, 10.0);
insert into Works_on values(333445555, 10, 10.0)
*
ERROR at line 1:
ORA-00001: unique constraint (CDONOV12.SYS_C0091764) violated 
Help: https://docs.oracle.com/error-help/db/ora-00001/ 


SQL> insert into Works_on values(333445555, 20, 10.0);
insert into Works_on values(333445555, 20, 10.0)
*
ERROR at line 1:
ORA-00001: unique constraint (CDONOV12.SYS_C0091764) violated 
Help: https://docs.oracle.com/error-help/db/ora-00001/ 


SQL> insert into Works_on values(999887777, 30, 30.0);
insert into Works_on values(999887777, 30, 30.0)
*
ERROR at line 1:
ORA-00001: unique constraint (CDONOV12.SYS_C0091764) violated 
Help: https://docs.oracle.com/error-help/db/ora-00001/ 


SQL> insert into Works_on values(999887777, 10, 10.0);
insert into Works_on values(999887777, 10, 10.0)
*
ERROR at line 1:
ORA-00001: unique constraint (CDONOV12.SYS_C0091764) violated 
Help: https://docs.oracle.com/error-help/db/ora-00001/ 


SQL> insert into Works_on values(987987987, 10, 35.0);
insert into Works_on values(987987987, 10, 35.0)
*
ERROR at line 1:
ORA-00001: unique constraint (CDONOV12.SYS_C0091764) violated 
Help: https://docs.oracle.com/error-help/db/ora-00001/ 


SQL> insert into Works_on values(987987987, 30, 5.0);
insert into Works_on values(987987987, 30, 5.0)
*
ERROR at line 1:
ORA-00001: unique constraint (CDONOV12.SYS_C0091764) violated 
Help: https://docs.oracle.com/error-help/db/ora-00001/ 


SQL> insert into Works_on values(987654321, 30, 20.0);
insert into Works_on values(987654321, 30, 20.0)
*
ERROR at line 1:
ORA-00001: unique constraint (CDONOV12.SYS_C0091764) violated 
Help: https://docs.oracle.com/error-help/db/ora-00001/ 


SQL> insert into Works_on values(987654321, 20, 15.0);
insert into Works_on values(987654321, 20, 15.0)
*
ERROR at line 1:
ORA-00001: unique constraint (CDONOV12.SYS_C0091764) violated 
Help: https://docs.oracle.com/error-help/db/ora-00001/ 


SQL> insert into Works_on values(888665555, 20, null);
insert into Works_on values(888665555, 20, null)
*
ERROR at line 1:
ORA-00001: unique constraint (CDONOV12.SYS_C0091764) violated 
Help: https://docs.oracle.com/error-help/db/ora-00001/ 


SQL> 
SQL> commit;

Commit complete.

SQL> 
SQL> 
SQL> 
SQL> 
SQL> 
SQL> 
SQL> 
SQL> SQL> 
SQL> -- Restore the options to their default values. --
SQL> spool off
