SQL> 
SQL> 
SQL> -- Execute scripts  --------------------------------------------------
SQL> 
SQL> start &&1
SQL> -- Triggers --------------------------------------------------
SQL> 
SQL> 
SQL> 
SQL> -- 2. adjustDatasetFileCount
SQL> 
SQL> create or replace trigger adjustDatasetFileCount
  2  after insert or delete on files
  3  for each row
  4  begin
  5  	     if inserting then
  6  		     update dataset
  7  		     set n_files = n_files + 1
  8  		     where ds_ID = :NEW.ds_ID;
  9  	     elsif deleting then
 10  		     update dataset
 11  		     set n_files = n_files - 1
 12  		     where ds_ID = :OLD.ds_ID;
 13  	     end if;
 14  end;
 15  /

Trigger created.

SQL> 
SQL> show errors
No errors.
SQL> 
SQL> 
SQL> -- savepoint for testing
SQL> -- savepoint before_insert;
SQL> 
SQL> -- check number of files in a certain dataset
SQL> select n_files
  2  from dataset
  3  where ds_ID = 'doi:10.7281/T1/6Y08LS';

   N_FILES                                                                      
----------                                                                      
         1                                                                      

SQL> 
SQL> -- insert into files
SQL> insert into files values ('test', 'doi:10.7281/T1/6Y08LS', null, null, null, null, null, null);

1 row created.

SQL> 
SQL> -- See if it worked
SQL> select n_files
  2  from dataset
  3  where ds_ID = 'doi:10.7281/T1/6Y08LS';

   N_FILES                                                                      
----------                                                                      
         2                                                                      

SQL> 
SQL> -- delete from files
SQL> delete from files
  2  where file_ID = 'test';

1 row deleted.

SQL> 
SQL> -- See if it worked
SQL> select n_files
  2  from dataset
  3  where ds_ID = 'doi:10.7281/T1/6Y08LS';

   N_FILES                                                                      
----------                                                                      
         1                                                                      

SQL> 
SQL> -- Reset everything
SQL> rollback;

Rollback complete.

SQL> drop trigger adjustDatasetFileCount;

Trigger dropped.

SQL> commit;

Commit complete.

SQL> 
SQL> 
SQL> 
SQL> SQL> 
SQL> 
SQL> -- Restore options --------------------------------------------------
SQL> 
SQL> spool off
